
2024-10-30 18:13:48 [백엔드 맛보기] info : 3000 포트에서 서버가 가동되었습니다

2024-10-30 18:29:02 [백엔드 맛보기] info : 3000 포트에서 서버가 가동되었습니다
2024-10-30 18:29:12 [백엔드 맛보기] info : 3000 포트에서 서버가 가동되었습니다
2024-10-30 18:29:32 [백엔드 맛보기] info : 3000 포트에서 서버가 가동되었습니다
2024-10-30 18:29:42 [백엔드 맛보기] info : 3000 포트에서 서버가 가동되었습니다
2024-10-30 19:40:21 [백엔드 맛보기] info : 3000 포트에서 서버가 가동되었습니다
2024-10-30 19:40:23 [백엔드 맛보기] info : GET / login 200 "로그인 화면으로 이동"
2024-10-30 19:40:38 [백엔드 맛보기] info : POST /login  Response: true undefined"
2024-10-30 19:42:34 [백엔드 맛보기] info : 3000 포트에서 서버가 가동되었습니다
2024-10-30 19:48:55 [백엔드 맛보기] info : 3000 포트에서 서버가 가동되었습니다
2024-10-30 19:49:01 [백엔드 맛보기] info : POST /login  Response: true undefined"
2024-10-30 19:49:01 [백엔드 맛보기] info : GET / 200 "홈 화면으로 이동"
2024-10-30 20:14:17 [백엔드 맛보기] info : 3000 포트에서 서버가 가동되었습니다
2024-10-30 20:14:36 [백엔드 맛보기] info : 3000 포트에서 서버가 가동되었습니다
2024-10-30 20:14:47 [백엔드 맛보기] info : 3000 포트에서 서버가 가동되었습니다
2024-10-30 20:14:52 [백엔드 맛보기] info : GET / login 200 "로그인 화면으로 이동"
2024-10-30 20:14:59 [백엔드 맛보기] info : POST /login  Response: true  "
2024-10-30 20:14:59 [백엔드 맛보기] info : GET / 200 "홈 화면으로 이동"
2024-10-30 20:15:21 [백엔드 맛보기] info : 3000 포트에서 서버가 가동되었습니다
2024-10-30 20:15:21 [백엔드 맛보기] info : GET / login 200 "로그인 화면으로 이동"
2024-10-30 20:15:23 [백엔드 맛보기] info : POST /login  Response: true  
2024-10-30 20:15:23 [백엔드 맛보기] info : GET / 200 "홈 화면으로 이동"
2024-10-30 20:16:24 [백엔드 맛보기] info : 3000 포트에서 서버가 가동되었습니다
2024-10-30 20:16:28 [백엔드 맛보기] info : 3000 포트에서 서버가 가동되었습니다
2024-10-30 20:16:30 [백엔드 맛보기] info : 3000 포트에서 서버가 가동되었습니다
2024-10-30 20:16:35 [백엔드 맛보기] info : 3000 포트에서 서버가 가동되었습니다
2024-10-30 20:16:38 [백엔드 맛보기] info : 3000 포트에서 서버가 가동되었습니다
2024-10-30 20:16:40 [백엔드 맛보기] info : 3000 포트에서 서버가 가동되었습니다
2024-10-30 20:16:45 [백엔드 맛보기] info : 3000 포트에서 서버가 가동되었습니다
2024-10-30 20:16:46 [백엔드 맛보기] info : 3000 포트에서 서버가 가동되었습니다
2024-10-30 20:16:58 [백엔드 맛보기] info : 3000 포트에서 서버가 가동되었습니다
2024-10-30 20:17:01 [백엔드 맛보기] info : 3000 포트에서 서버가 가동되었습니다
2024-10-30 20:17:02 [백엔드 맛보기] info : 3000 포트에서 서버가 가동되었습니다
2024-10-30 20:17:04 [백엔드 맛보기] info : 3000 포트에서 서버가 가동되었습니다
2024-10-30 20:17:19 [백엔드 맛보기] info : 3000 포트에서 서버가 가동되었습니다
2024-10-30 20:17:36 [백엔드 맛보기] info : 3000 포트에서 서버가 가동되었습니다
2024-10-30 20:18:00 [백엔드 맛보기] info : GET / login 200 "로그인 화면으로 이동"
2024-10-30 20:18:03 [백엔드 맛보기] info : POST /login 200 Response: true  
2024-10-30 20:18:03 [백엔드 맛보기] info : GET / 200 "홈 화면으로 이동"
2024-10-30 20:24:03 [백엔드 맛보기] info : 3000 포트에서 서버가 가동되었습니다
2024-10-30 20:24:05 [백엔드 맛보기] info : 3000 포트에서 서버가 가동되었습니다
2024-10-30 20:24:08 [백엔드 맛보기] info : 3000 포트에서 서버가 가동되었습니다
2024-10-30 20:24:11 [백엔드 맛보기] info : 3000 포트에서 서버가 가동되었습니다
2024-10-30 20:24:13 [백엔드 맛보기] info : 3000 포트에서 서버가 가동되었습니다
2024-10-30 20:24:18 [백엔드 맛보기] info : 3000 포트에서 서버가 가동되었습니다
2024-10-30 20:24:21 [백엔드 맛보기] info : 3000 포트에서 서버가 가동되었습니다
2024-10-30 20:24:30 [백엔드 맛보기] info : 3000 포트에서 서버가 가동되었습니다
2024-10-30 20:26:07 [백엔드 맛보기] info : 3000 포트에서 서버가 가동되었습니다
2024-10-30 20:26:14 [백엔드 맛보기] info : 3000 포트에서 서버가 가동되었습니다
2024-10-30 20:26:47 [백엔드 맛보기] info : 3000 포트에서 서버가 가동되었습니다
2024-10-30 21:55:52 [백엔드 맛보기] info : 3000 포트에서 서버가 가동되었습니다
2024-10-30 22:12:00 [백엔드 맛보기] info : 3000 포트에서 서버가 가동되었습니다
2024-10-30 22:14:33 [백엔드 맛보기] info : 3000 포트에서 서버가 가동되었습니다
2024-10-30 22:14:46 [백엔드 맛보기] info : 3000 포트에서 서버가 가동되었습니다
2024-10-30 22:14:48 [백엔드 맛보기] info : 3000 포트에서 서버가 가동되었습니다
2024-10-30 22:14:52 [백엔드 맛보기] info : 3000 포트에서 서버가 가동되었습니다
2024-10-30 22:14:57 [백엔드 맛보기] info : 3000 포트에서 서버가 가동되었습니다
2024-10-30 22:16:07 [백엔드 맛보기] info : 3000 포트에서 서버가 가동되었습니다
2024-10-30 22:17:42 [백엔드 맛보기] info : 3000 포트에서 서버가 가동되었습니다
